// Jest Snapshot v1, https://goo.gl/fbAQLP

exports[`Header renders correctly 1`] = `
<div
  className="MuiBox-root css-306mec"
>
  <header
    className="MuiPaper-root MuiPaper-elevation MuiPaper-elevation4 MuiAppBar-root MuiAppBar-colorPrimary MuiAppBar-positionStatic css-hip9hq-MuiPaper-root-MuiAppBar-root"
  >
    <div
      className="MuiToolbar-root MuiToolbar-gutters MuiToolbar-regular css-1t29gy6-MuiToolbar-root"
    >
      <button
        aria-label="menu"
        className="MuiButtonBase-root MuiIconButton-root MuiIconButton-colorInherit MuiIconButton-edgeStart MuiIconButton-sizeLarge css-ancrnh-MuiButtonBase-root-MuiIconButton-root"
        disabled={false}
        onBlur={[Function]}
        onContextMenu={[Function]}
        onDragLeave={[Function]}
        onFocus={[Function]}
        onKeyDown={[Function]}
        onKeyUp={[Function]}
        onMouseDown={[Function]}
        onMouseLeave={[Function]}
        onMouseUp={[Function]}
        onTouchEnd={[Function]}
        onTouchMove={[Function]}
        onTouchStart={[Function]}
        tabIndex={0}
        type="button"
      >
        <svg
          aria-hidden={true}
          className="MuiSvgIcon-root MuiSvgIcon-fontSizeMedium css-i4bv87-MuiSvgIcon-root"
          data-testid="HomeIcon"
          focusable="false"
          href="/home"
          onClick={[Function]}
          onMouseEnter={[Function]}
          viewBox="0 0 24 24"
        >
          <path
            d="M10 20v-6h4v6h5v-8h3L12 3 2 12h3v8z"
          />
        </svg>
      </button>
      <div
        className="MuiTypography-root MuiTypography-h6 css-1juivf6-MuiTypography-root"
      >
        Hotel Booking
      </div>
    </div>
  </header>
</div>
`;
